mmsrik@INLEN8520050979 MINGW64 ~
$ git --version
git version 2.36.1.windows.1

mmsrik@INLEN8520050979 MINGW64 ~
$ git config --global user.name "MMSHRIKARA"

mmsrik@INLEN8520050979 MINGW64 ~
$ git config --global user.email "shrikara21@gmail.com"

mmsrik@INLEN8520050979 MINGW64 ~
$ cd /c/Users/MMSRIK/Desktop/capg

mmsrik@INLEN8520050979 MINGW64 ~/Desktop/capg
$ mkdir "hello-world"

mmsrik@INLEN8520050979 MINGW64 ~/Desktop/capg
$ cd /c/Users/MMSRIK/Desktop/capg/hello-world

mmsrik@INLEN8520050979 MINGW64 ~/Desktop/capg/hello-world
$ git init
Initialized empty Git repository in C:/Users/MMSRIK/Desktop/capg/hello-world/.git/

mmsrik@INLEN8520050979 MINGW64 ~/Desktop/capg/hello-world (master)
$ touch "index.html"

mmsrik@INLEN8520050979 MINGW64 ~/Desktop/capg/hello-world (master)
$ git remote origin https://github.com/MMSHRIKARA/freshersbatch-oct16.git
error: Unknown subcommand: origin
usage: git remote [-v | --verbose]
   or: git remote add [-t <branch>] [-m <master>] [-f] [--tags | --no-tags] [--mirror=<fetch|push>] <name> <url>
   or: git remote rename [--[no-]progress] <old> <new>
   or: git remote remove <name>
   or: git remote set-head <name> (-a | --auto | -d | --delete | <branch>)
   or: git remote [-v | --verbose] show [-n] <name>
   or: git remote prune [-n | --dry-run] <name>
   or: git remote [-v | --verbose] update [-p | --prune] [(<group> | <remote>)...]
   or: git remote set-branches [--add] <name> <branch>...
   or: git remote get-url [--push] [--all] <name>
   or: git remote set-url [--push] <name> <newurl> [<oldurl>]
   or: git remote set-url --add <name> <newurl>
   or: git remote set-url --delete <name> <url>

    -v, --verbose         be verbose; must be placed before a subcommand


mmsrik@INLEN8520050979 MINGW64 ~/Desktop/capg/hello-world (master)
$ git remote set-url origin https://github.com/MMSHRIKARA/freshersbatch-oct16.git
error: No such remote 'origin'

mmsrik@INLEN8520050979 MINGW64 ~/Desktop/capg/hello-world (master)
$ git status
On branch master

No commits yet

Untracked files:
  (use "git add <file>..." to include in what will be committed)
        index.html

nothing added to commit but untracked files present (use "git add" to track)

mmsrik@INLEN8520050979 MINGW64 ~/Desktop/capg/hello-world (master)
$ git commit -m 'first commit'
On branch master

Initial commit

Untracked files:
  (use "git add <file>..." to include in what will be committed)
        index.html

nothing added to commit but untracked files present (use "git add" to track)

mmsrik@INLEN8520050979 MINGW64 ~/Desktop/capg/hello-world (master)
$ git push origin master
error: src refspec master does not match any
error: failed to push some refs to 'origin'

mmsrik@INLEN8520050979 MINGW64 ~/Desktop/capg/hello-world (master)
$ git add -A

mmsrik@INLEN8520050979 MINGW64 ~/Desktop/capg/hello-world (master)
$ git commit -m 'first commit'
[master (root-commit) f213189] first commit
 1 file changed, 1 insertion(+)
 create mode 100644 index.html

mmsrik@INLEN8520050979 MINGW64 ~/Desktop/capg/hello-world (master)
$ git push origin master
fatal: 'origin' does not appear to be a git repository
fatal: Could not read from remote repository.

Please make sure you have the correct access rights
and the repository exists.

mmsrik@INLEN8520050979 MINGW64 ~/Desktop/capg/hello-world (master)
$ git status
On branch master
nothing to commit, working tree clean

mmsrik@INLEN8520050979 MINGW64 ~/Desktop/capg/hello-world (master)
$ git push origin master
fatal: 'origin' does not appear to be a git repository
fatal: Could not read from remote repository.

Please make sure you have the correct access rights
and the repository exists.

mmsrik@INLEN8520050979 MINGW64 ~/Desktop/capg/hello-world (master)
$ git remote add origin https://github.com/MMSHRIKARA/Assignment.git

mmsrik@INLEN8520050979 MINGW64 ~/Desktop/capg/hello-world (master)
$ git status
On branch master
nothing to commit, working tree clean

mmsrik@INLEN8520050979 MINGW64 ~/Desktop/capg/hello-world (master)
$ git commit -m 'first commit'
On branch master
nothing to commit, working tree clean

mmsrik@INLEN8520050979 MINGW64 ~/Desktop/capg/hello-world (master)
$ git push origin master
Enumerating objects: 3, done.
Counting objects: 100% (3/3), done.
Writing objects: 100% (3/3), 230 bytes | 230.00 KiB/s, done.
Total 3 (delta 0), reused 0 (delta 0), pack-reused 0
To https://github.com/MMSHRIKARA/Assignment.git
 * [new branch]      master -> master

mmsrik@INLEN8520050979 MINGW64 ~/Desktop/capg/hello-world (master)
$
